2026-05-14 12:49:43,136 - INFO - planner_1 encrypted and signed message 9bcfa5b0-90e7-4a3a-87a4-5e2d75a69ae2
2026-05-14 12:49:43,136 - INFO - planner_1 sent message 9bcfa5b0-90e7-4a3a-87a4-5e2d75a69ae2 to executor_1
2026-05-14 12:49:43,137 - INFO - executor_1 verified and decrypted message 9bcfa5b0-90e7-4a3a-87a4-5e2d75a69ae2
2026-05-14 12:49:43,138 - INFO - executor_1 encrypted and signed message 35181939-7e9d-4ad5-8cc9-ab2e688b3b38
2026-05-14 12:49:43,138 - INFO - planner_1 verified and decrypted message 35181939-7e9d-4ad5-8cc9-ab2e688b3b38
2026-05-14 12:49:43,138 - INFO - planner_1 received result for task c9ff8f28-fd0f-4d5d-8f71-ea6989291921
2026-05-14 12:49:43,138 - INFO - planner_1 encrypted and signed message 059f12f7-d866-4489-8855-98c994017fbb
2026-05-14 12:49:43,138 - INFO - planner_1 sent message 059f12f7-d866-4489-8855-98c994017fbb to executor_1
2026-05-14 12:49:43,139 - INFO - executor_1 verified and decrypted message 059f12f7-d866-4489-8855-98c994017fbb
2026-05-14 12:49:43,139 - INFO - executor_1 encrypted and signed message f8a5c70e-f426-4c66-b0f6-a9769faa7ef2
2026-05-14 12:49:43,139 - INFO - planner_1 verified and decrypted message f8a5c70e-f426-4c66-b0f6-a9769faa7ef2
2026-05-14 12:49:43,139 - INFO - planner_1 received result for task cd151859-eed4-4046-b3e7-1970ec0e36f1
2026-05-14 13:03:07,885 - INFO - planner_1 encrypted and signed message 8e973eb7-f078-4c22-83f8-399bd87cae86
2026-05-14 13:03:07,885 - INFO - planner_1 sent message 8e973eb7-f078-4c22-83f8-399bd87cae86 to executor_1
2026-05-14 13:03:07,887 - INFO - executor_1 verified and decrypted message 8e973eb7-f078-4c22-83f8-399bd87cae86
2026-05-14 13:03:07,888 - INFO - executor_1 encrypted and signed message 11e177b6-6260-4c8b-b479-0afe75d60e48
2026-05-14 13:03:07,888 - INFO - planner_1 verified and decrypted message 11e177b6-6260-4c8b-b479-0afe75d60e48
2026-05-14 13:03:07,889 - INFO - planner_1 received result for task 93de3019-35c0-459c-a36b-5884ea98fec1
2026-05-14 13:03:07,889 - INFO - planner_1 encrypted and signed message b93a8ec7-5457-4803-a455-0211a02b1079
2026-05-14 13:03:07,889 - INFO - planner_1 sent message b93a8ec7-5457-4803-a455-0211a02b1079 to executor_1
2026-05-14 13:03:07,889 - INFO - executor_1 verified and decrypted message b93a8ec7-5457-4803-a455-0211a02b1079
2026-05-14 13:03:07,890 - INFO - executor_1 encrypted and signed message 36537c81-b0c8-4d61-8d54-96070a7ae3c0
2026-05-14 13:03:07,890 - INFO - planner_1 verified and decrypted message 36537c81-b0c8-4d61-8d54-96070a7ae3c0
2026-05-14 13:03:07,890 - INFO - planner_1 received result for task b1480a47-b37c-4e90-a774-844d23a747bf
2026-05-14 13:39:31,182 - INFO - planner_1 encrypted and signed message 5e163721-ef52-45cf-b009-56336aea183d
2026-05-14 13:39:31,182 - INFO - executor_1 verified and decrypted message 5e163721-ef52-45cf-b009-56336aea183d
2026-05-14 15:37:47,032 - INFO - planner_1 encrypted and signed message 397e9365-b27c-4ea7-9f67-4b5fc6655253
2026-05-14 15:37:47,032 - INFO - planner_1 sent message 397e9365-b27c-4ea7-9f67-4b5fc6655253 to executor_1
2026-05-14 15:38:18,692 - INFO - planner_1 encrypted and signed message fc6570f3-c2d5-4f73-bfed-9685e7872ce6
2026-05-14 15:38:18,692 - INFO - planner_1 sent message fc6570f3-c2d5-4f73-bfed-9685e7872ce6 to executor_1
2026-05-14 15:38:31,102 - INFO - planner_1 encrypted and signed message f70acbca-054b-4cf8-a400-54ea436f8e7f
2026-05-14 15:38:31,102 - INFO - planner_1 sent message f70acbca-054b-4cf8-a400-54ea436f8e7f to executor_1
2026-05-14 15:38:31,108 - INFO - executor_1 verified and decrypted message f70acbca-054b-4cf8-a400-54ea436f8e7f
2026-05-14 15:38:31,108 - INFO - executor_1 encrypted and signed message 013075bf-2066-491a-ae8a-ff644636fc82
2026-05-14 15:38:31,109 - INFO - planner_1 verified and decrypted message 013075bf-2066-491a-ae8a-ff644636fc82
2026-05-14 15:38:31,109 - INFO - planner_1 received result for task f31f5f6b-425d-47b7-ba5b-19b9da6b8224
2026-05-14 15:38:31,109 - INFO - planner_1 encrypted and signed message 1cd27eed-1517-49ae-a3a4-14bfcaf0c215
2026-05-14 15:38:31,109 - INFO - planner_1 sent message 1cd27eed-1517-49ae-a3a4-14bfcaf0c215 to executor_1
2026-05-14 15:38:31,110 - INFO - executor_1 verified and decrypted message 1cd27eed-1517-49ae-a3a4-14bfcaf0c215
2026-05-14 15:38:31,110 - INFO - executor_1 encrypted and signed message 0d0459c1-289e-4916-89ae-bcd4088b8288
2026-05-14 15:38:31,111 - INFO - planner_1 verified and decrypted message 0d0459c1-289e-4916-89ae-bcd4088b8288
2026-05-14 15:38:31,111 - INFO - planner_1 received result for task b0bc2c98-1b7a-41c0-880d-ac3f34779ccb